🚀 Starting server on port 8024
Listening on http://0.0.0.0:8024/ (http://localhost:8024/)
1
parse block 123,cost:0 ms
HIGH PERFORMANCE: parse 1 blocks, cost: 0 ms
[Port 8024] server total use, cost: 0 ms
1
parse block 123,cost:0 ms
HIGH PERFORMANCE: parse 1 blocks, cost: 0 ms
[Port 8024] server total use, cost: 0 ms
1
parse block 123,cost:0 ms
HIGH PERFORMANCE: parse 1 blocks, cost: 0 ms
[Port 8024] server total use, cost: 0 ms
1
parse block 123,cost:0 ms
HIGH PERFORMANCE: parse 1 blocks, cost: 0 ms
[Port 8024] server total use, cost: 0 ms
1
parse block 123,cost:0 ms
HIGH PERFORMANCE: parse 1 blocks, cost: 0 ms
[Port 8024] server total use, cost: 0 ms
1
parse block 123,cost:0 ms
HIGH PERFORMANCE: parse 1 blocks, cost: 0 ms
[Port 8024] server total use, cost: 0 ms
1
parse block 123,cost:0 ms
HIGH PERFORMANCE: parse 1 blocks, cost: 0 ms
[Port 8024] server total use, cost: 1 ms
