🚀 Starting server on port 8001
Listening on http://0.0.0.0:8001/ (http://localhost:8001/)
1
parse block 12345,cost:0 ms
HIGH PERFORMANCE: parse 1 blocks, cost: 0 ms
[Port 8001] server total use, cost: 0 ms
1
parse block 12345,cost:0 ms
HIGH PERFORMANCE: parse 1 blocks, cost: 0 ms
[Port 8001] server total use, cost: 0 ms
1
parse block 123,cost:0 ms
HIGH PERFORMANCE: parse 1 blocks, cost: 0 ms
[Port 8001] server total use, cost: 0 ms
1
parse block 123,cost:0 ms
HIGH PERFORMANCE: parse 1 blocks, cost: 0 ms
[Port 8001] server total use, cost: 1 ms
1
parse block 123,cost:0 ms
HIGH PERFORMANCE: parse 1 blocks, cost: 0 ms
[Port 8001] server total use, cost: 0 ms
1
parse block 123,cost:0 ms
HIGH PERFORMANCE: parse 1 blocks, cost: 0 ms
[Port 8001] server total use, cost: 0 ms
1
parse block 123,cost:0 ms
HIGH PERFORMANCE: parse 1 blocks, cost: 0 ms
[Port 8001] server total use, cost: 0 ms
1
parse block 123,cost:0 ms
HIGH PERFORMANCE: parse 1 blocks, cost: 0 ms
[Port 8001] server total use, cost: 0 ms
1
parse block 123,cost:0 ms
HIGH PERFORMANCE: parse 1 blocks, cost: 0 ms
[Port 8001] server total use, cost: 1 ms
1
parse block 123,cost:0 ms
HIGH PERFORMANCE: parse 1 blocks, cost: 0 ms
[Port 8001] server total use, cost: 0 ms
1
parse block 123,cost:0 ms
HIGH PERFORMANCE: parse 1 blocks, cost: 0 ms
[Port 8001] server total use, cost: 0 ms
1
parse block 123,cost:0 ms
HIGH PERFORMANCE: parse 1 blocks, cost: 0 ms
[Port 8001] server total use, cost: 0 ms
1
parse block 123,cost:0 ms
HIGH PERFORMANCE: parse 1 blocks, cost: 0 ms
[Port 8001] server total use, cost: 0 ms
1
parse block 123,cost:0 ms
HIGH PERFORMANCE: parse 1 blocks, cost: 0 ms
[Port 8001] server total use, cost: 0 ms
