🚀 Starting server on port 8007
Listening on http://0.0.0.0:8007/ (http://localhost:8007/)
1
parse block 123,cost:0 ms
HIGH PERFORMANCE: parse 1 blocks, cost: 0 ms
[Port 8007] server total use, cost: 0 ms
1
parse block 123,cost:0 ms
HIGH PERFORMANCE: parse 1 blocks, cost: 0 ms
[Port 8007] server total use, cost: 0 ms
1
parse block 123,cost:0 ms
HIGH PERFORMANCE: parse 1 blocks, cost: 0 ms
[Port 8007] server total use, cost: 0 ms
1
parse block 123,cost:0 ms
HIGH PERFORMANCE: parse 1 blocks, cost: 0 ms
[Port 8007] server total use, cost: 0 ms
1
parse block 123,cost:0 ms
HIGH PERFORMANCE: parse 1 blocks, cost: 0 ms
[Port 8007] server total use, cost: 0 ms
1
parse block 123,cost:0 ms
HIGH PERFORMANCE: parse 1 blocks, cost: 0 ms
[Port 8007] server total use, cost: 0 ms
1
parse block 123,cost:0 ms
HIGH PERFORMANCE: parse 1 blocks, cost: 0 ms
[Port 8007] server total use, cost: 0 ms
1
parse block 123,cost:0 ms
HIGH PERFORMANCE: parse 1 blocks, cost: 0 ms
[Port 8007] server total use, cost: 0 ms
1
parse block 123,cost:0 ms
HIGH PERFORMANCE: parse 1 blocks, cost: 0 ms
[Port 8007] server total use, cost: 0 ms
1
parse block 123,cost:0 ms
HIGH PERFORMANCE: parse 1 blocks, cost: 0 ms
[Port 8007] server total use, cost: 0 ms
1
parse block 123,cost:0 ms
HIGH PERFORMANCE: parse 1 blocks, cost: 0 ms
[Port 8007] server total use, cost: 0 ms
