🚀 Starting server on port 8011
Listening on http://0.0.0.0:8011/ (http://localhost:8011/)
1
parse block 123,cost:0 ms
HIGH PERFORMANCE: parse 1 blocks, cost: 0 ms
[Port 8011] server total use, cost: 0 ms
1
parse block 123,cost:0 ms
HIGH PERFORMANCE: parse 1 blocks, cost: 0 ms
[Port 8011] server total use, cost: 0 ms
1
parse block 123,cost:0 ms
HIGH PERFORMANCE: parse 1 blocks, cost: 0 ms
[Port 8011] server total use, cost: 1 ms
1
parse block 123,cost:0 ms
HIGH PERFORMANCE: parse 1 blocks, cost: 0 ms
[Port 8011] server total use, cost: 0 ms
1
parse block 123,cost:0 ms
HIGH PERFORMANCE: parse 1 blocks, cost: 0 ms
[Port 8011] server total use, cost: 0 ms
1
parse block 123,cost:0 ms
HIGH PERFORMANCE: parse 1 blocks, cost: 0 ms
[Port 8011] server total use, cost: 0 ms
1
parse block 123,cost:0 ms
HIGH PERFORMANCE: parse 1 blocks, cost: 0 ms
[Port 8011] server total use, cost: 0 ms
1
parse block 123,cost:0 ms
HIGH PERFORMANCE: parse 1 blocks, cost: 0 ms
[Port 8011] server total use, cost: 0 ms
1
parse block 123,cost:0 ms
HIGH PERFORMANCE: parse 1 blocks, cost: 0 ms
[Port 8011] server total use, cost: 0 ms
